******************************************************************************
             TMS320C2000 Linker PC v22.6.0                     
******************************************************************************
>> Linked Fri Mar 14 08:15:27 2025

OUTPUT FILE NAME:   <HVPM_Sensorless_2833x.out>
ENTRY POINT SYMBOL: "_c_int00"  address: 00009b30


MEMORY CONFIGURATION

         name            origin    length      used     unused   attr    fill
----------------------  --------  ---------  --------  --------  ----  --------
PAGE 0:
  BEGIN                 00000000   00000002  00000002  00000000  RWIX
  BOOT_RSVD             00000002   0000004e  00000000  0000004e  RWIX
  RAMM0                 00000050   000003b0  00000000  000003b0  RWIX
  RAML0                 00008000   00001000  0000024c  00000db4  RWIX
  RAML1                 00009000   00001800  00000cec  00000b14  RWIX
  RAML2                 0000b000   00001000  00000000  00001000  RWIX
  RAML3                 0000c000   00001000  00000000  00001000  RWIX
  ZONE7A                00200000   0000fc00  00000000  0000fc00  RWIX
  CSM_RSVD              0033ff80   00000076  00000000  00000076  RWIX
  CSM_PWL               0033fff8   00000008  00000000  00000008  RWIX
  ADC_CAL               00380080   00000009  00000007  00000002  RWIX
  IQTABLES              003fe000   00000b50  00000000  00000b50  RWIX
  IQTABLES2             003feb50   0000008c  00000000  0000008c  RWIX
  FPUTABLES             003febdc   000006a0  000006a0  00000000  RWIX
  BOOTROM               003ff27c   00000d44  00000000  00000d44  RWIX
  RESET                 003fffc0   00000002  00000000  00000002  RWIX

PAGE 1:
  RAMM1                 00000400   00000400  00000380  00000080  RWIX
  DEV_EMU               00000880   00000180  000000d0  000000b0  RWIX
  FLASH_REGS            00000a80   00000060  00000008  00000058  RWIX
  CSM                   00000ae0   00000010  00000010  00000000  RWIX
  ADC_MIRROR            00000b00   00000010  00000010  00000000  RWIX
  XINTF                 00000b20   00000020  0000001e  00000002  RWIX
  CPU_TIMER0            00000c00   00000008  00000008  00000000  RWIX
  CPU_TIMER1            00000c08   00000008  00000008  00000000  RWIX
  CPU_TIMER2            00000c10   00000008  00000008  00000000  RWIX
  PIE_CTRL              00000ce0   00000020  0000001a  00000006  RWIX
  PIE_VECT              00000d00   00000100  00000100  00000000  RWIX
  DMA                   00001000   00000200  000000e0  00000120  RWIX
  MCBSPA                00005000   00000040  00000025  0000001b  RWIX
  MCBSPB                00005040   00000040  00000025  0000001b  RWIX
  ECANA                 00006000   00000040  00000034  0000000c  RWIX
  ECANA_LAM             00006040   00000040  00000040  00000000  RWIX
  ECANA_MOTS            00006080   00000040  00000040  00000000  RWIX
  ECANA_MOTO            000060c0   00000040  00000040  00000000  RWIX
  ECANA_MBOX            00006100   00000100  00000100  00000000  RWIX
  ECANB                 00006200   00000040  00000034  0000000c  RWIX
  ECANB_LAM             00006240   00000040  00000040  00000000  RWIX
  ECANB_MOTS            00006280   00000040  00000040  00000000  RWIX
  ECANB_MOTO            000062c0   00000040  00000040  00000000  RWIX
  ECANB_MBOX            00006300   00000100  00000100  00000000  RWIX
  EPWM1                 00006800   00000022  00000022  00000000  RWIX
  EPWM2                 00006840   00000022  00000022  00000000  RWIX
  EPWM3                 00006880   00000022  00000022  00000000  RWIX
  EPWM4                 000068c0   00000022  00000022  00000000  RWIX
  EPWM5                 00006900   00000022  00000022  00000000  RWIX
  EPWM6                 00006940   00000022  00000022  00000000  RWIX
  ECAP1                 00006a00   00000020  00000020  00000000  RWIX
  ECAP2                 00006a20   00000020  00000020  00000000  RWIX
  ECAP3                 00006a40   00000020  00000020  00000000  RWIX
  ECAP4                 00006a60   00000020  00000020  00000000  RWIX
  ECAP5                 00006a80   00000020  00000020  00000000  RWIX
  ECAP6                 00006aa0   00000020  00000020  00000000  RWIX
  EQEP1                 00006b00   00000040  00000040  00000000  RWIX
  EQEP2                 00006b40   00000040  00000040  00000000  RWIX
  GPIOCTRL              00006f80   00000040  0000002e  00000012  RWIX
  GPIODAT               00006fc0   00000020  00000020  00000000  RWIX
  GPIOINT               00006fe0   00000020  0000000a  00000016  RWIX
  SYSTEM                00007010   00000020  00000020  00000000  RWIX
  SPIA                  00007040   00000010  00000010  00000000  RWIX
  SCIA                  00007050   00000010  00000010  00000000  RWIX
  XINTRUPT              00007070   00000010  00000010  00000000  RWIX
  ADC                   00007100   00000020  0000001e  00000002  RWIX
  SCIB                  00007750   00000010  00000010  00000000  RWIX
  SCIC                  00007770   00000010  00000010  00000000  RWIX
  I2CA                  00007900   00000040  00000022  0000001e  RWIX
  RAML4                 0000c000   00001000  0000051d  00000ae3  RWIX
  RAML5                 0000d000   00001000  0000001c  00000fe4  RWIX
  RAML6                 0000e000   00001000  00000000  00001000  RWIX
  RAML7                 0000f000   00001000  00000000  00001000  RWIX
  ZONE7B                0020fc00   00000400  00000000  00000400  RWIX
  CSM_PWL               0033fff8   00000008  00000008  00000000  RWIX
  PARTID                00380090   00000001  00000001  00000000  RWIX


SECTION ALLOCATION MAP

 output                                  attributes/
section   page    origin      length       input sections
--------  ----  ----------  ----------   ----------------
codestart 
*          0    00000000    00000002     
                  00000000    00000002     DSP2833x_CodeStartBranch.obj (codestart)

.cinit     0    00008000    00000248     
                  00008000    000001d9     HVPM_Sensorless.obj (.cinit)
                  000081d9    00000013     HVPM_Sensorless.obj (.cinit:_ACQPS)
                  000081ec    00000013     HVPM_Sensorless.obj (.cinit:_ChSel)
                  000081ff    00000011     HVPM_Sensorless.obj (.cinit:_eCAP)
                  00008210    00000011     HVPM_Sensorless.obj (.cinit:_ePWM)
                  00008221    0000000e     rts2800_fpu32.lib : exit.c.obj (.cinit)
                  0000822f    00000009     HVPM_Sensorless.obj (.cinit:_eQEP)
                  00008238    00000005     rts2800_fpu32.lib : _lock.c.obj (.cinit:__lock)
                  0000823d    00000005                       : _lock.c.obj (.cinit:__unlock)
                  00008242    00000004                       : errno.c.obj (.cinit)
                  00008246    00000002     --HOLE-- [fill = 0]

ramfuncs   0    00008248    00000004     
                  00008248    00000004     DSP2833x_usDelay.obj (ramfuncs)

.text      0    00009000    00000cec     
                  00009000    00000489     HVPM_Sensorless.obj (.text)
                  00009489    000003db     HVPM_Sensorless.obj (.text:retain)
                  00009864    000001bb     HVPM_Sensorless-DevInit_F2833x.obj (.text)
                  00009a1f    00000111     rts2800_fpu32.lib : e_expf.c.obj (.text)
                  00009b30    00000056                       : boot28.asm.obj (.text)
                  00009b86    0000004b     DLOG4CHC.obj (.text)
                  00009bd1    00000034     rts2800_fpu32_fast_supplement.lib : cos_f32.obj (.text)
                  00009c05    00000034                                       : sin_f32.obj (.text)
                  00009c39    00000029     rts2800_fpu32.lib : exit.c.obj (.text)
                  00009c62    00000024                       : cpy_tbl.c.obj (.text)
                  00009c86    0000001d                       : memcpy.c.obj (.text)
                  00009ca3    00000019     rts2800_fpu32_fast_supplement.lib : div_f32.obj (.text)
                  00009cbc    00000012     rts2800_fpu32.lib : args_main.c.obj (.text)
                  00009cce    0000000a     HVPM_Sensorless-DevInit_F2833x.obj (.text:retain)
                  00009cd8    00000009     rts2800_fpu32.lib : _lock.c.obj (.text)
                  00009ce1    00000008     DSP2833x_CodeStartBranch.obj (.text)
                  00009ce9    00000002     rts2800_fpu32.lib : pre_init.c.obj (.text)
                  00009ceb    00000001                       : startup.c.obj (.text)

DevEmuRegsFile 
*          1    00000880    000000d0     UNINITIALIZED
                  00000880    000000d0     DSP2833x_GlobalVariableDefs.obj (DevEmuRegsFile)

FlashRegsFile 
*          1    00000a80    00000008     UNINITIALIZED
                  00000a80    00000008     DSP2833x_GlobalVariableDefs.obj (FlashRegsFile)

CsmRegsFile 
*          1    00000ae0    00000010     UNINITIALIZED
                  00000ae0    00000010     DSP2833x_GlobalVariableDefs.obj (CsmRegsFile)

AdcMirrorFile 
*          1    00000b00    00000010     UNINITIALIZED
                  00000b00    00000010     DSP2833x_GlobalVariableDefs.obj (AdcMirrorFile)

XintfRegsFile 
*          1    00000b20    0000001e     UNINITIALIZED
                  00000b20    0000001e     DSP2833x_GlobalVariableDefs.obj (XintfRegsFile)

CpuTimer0RegsFile 
*          1    00000c00    00000008     UNINITIALIZED
                  00000c00    00000008     DSP2833x_GlobalVariableDefs.obj (CpuTimer0RegsFile)

CpuTimer1RegsFile 
*          1    00000c08    00000008     UNINITIALIZED
                  00000c08    00000008     DSP2833x_GlobalVariableDefs.obj (CpuTimer1RegsFile)

CpuTimer2RegsFile 
*          1    00000c10    00000008     UNINITIALIZED
                  00000c10    00000008     DSP2833x_GlobalVariableDefs.obj (CpuTimer2RegsFile)

PieCtrlRegsFile 
*          1    00000ce0    0000001a     UNINITIALIZED
                  00000ce0    0000001a     DSP2833x_GlobalVariableDefs.obj (PieCtrlRegsFile)

PieVectTableFile 
*          1    00000d00    00000100     UNINITIALIZED
                  00000d00    00000100     DSP2833x_GlobalVariableDefs.obj (PieVectTableFile)

DmaRegsFile 
*          1    00001000    000000e0     UNINITIALIZED
                  00001000    000000e0     DSP2833x_GlobalVariableDefs.obj (DmaRegsFile)

McbspaRegsFile 
*          1    00005000    00000025     UNINITIALIZED
                  00005000    00000025     DSP2833x_GlobalVariableDefs.obj (McbspaRegsFile)

McbspbRegsFile 
*          1    00005040    00000025     UNINITIALIZED
                  00005040    00000025     DSP2833x_GlobalVariableDefs.obj (McbspbRegsFile)

ECanaRegsFile 
*          1    00006000    00000034     UNINITIALIZED
                  00006000    00000034     DSP2833x_GlobalVariableDefs.obj (ECanaRegsFile)

ECanaLAMRegsFile 
*          1    00006040    00000040     UNINITIALIZED
                  00006040    00000040     DSP2833x_GlobalVariableDefs.obj (ECanaLAMRegsFile)

ECanaMOTSRegsFile 
*          1    00006080    00000040     UNINITIALIZED
                  00006080    00000040     DSP2833x_GlobalVariableDefs.obj (ECanaMOTSRegsFile)

ECanaMOTORegsFile 
*          1    000060c0    00000040     UNINITIALIZED
                  000060c0    00000040     DSP2833x_GlobalVariableDefs.obj (ECanaMOTORegsFile)

ECanaMboxesFile 
*          1    00006100    00000100     UNINITIALIZED
                  00006100    00000100     DSP2833x_GlobalVariableDefs.obj (ECanaMboxesFile)

ECanbRegsFile 
*          1    00006200    00000034     UNINITIALIZED
                  00006200    00000034     DSP2833x_GlobalVariableDefs.obj (ECanbRegsFile)

ECanbLAMRegsFile 
*          1    00006240    00000040     UNINITIALIZED
                  00006240    00000040     DSP2833x_GlobalVariableDefs.obj (ECanbLAMRegsFile)

ECanbMOTSRegsFile 
*          1    00006280    00000040     UNINITIALIZED
                  00006280    00000040     DSP2833x_GlobalVariableDefs.obj (ECanbMOTSRegsFile)

ECanbMOTORegsFile 
*          1    000062c0    00000040     UNINITIALIZED
                  000062c0    00000040     DSP2833x_GlobalVariableDefs.obj (ECanbMOTORegsFile)

ECanbMboxesFile 
*          1    00006300    00000100     UNINITIALIZED
                  00006300    00000100     DSP2833x_GlobalVariableDefs.obj (ECanbMboxesFile)

EPwm1RegsFile 
*          1    00006800    00000022     UNINITIALIZED
                  00006800    00000022     DSP2833x_GlobalVariableDefs.obj (EPwm1RegsFile)

EPwm2RegsFile 
*          1    00006840    00000022     UNINITIALIZED
                  00006840    00000022     DSP2833x_GlobalVariableDefs.obj (EPwm2RegsFile)

EPwm3RegsFile 
*          1    00006880    00000022     UNINITIALIZED
                  00006880    00000022     DSP2833x_GlobalVariableDefs.obj (EPwm3RegsFile)

EPwm4RegsFile 
*          1    000068c0    00000022     UNINITIALIZED
                  000068c0    00000022     DSP2833x_GlobalVariableDefs.obj (EPwm4RegsFile)

EPwm5RegsFile 
*          1    00006900    00000022     UNINITIALIZED
                  00006900    00000022     DSP2833x_GlobalVariableDefs.obj (EPwm5RegsFile)

EPwm6RegsFile 
*          1    00006940    00000022     UNINITIALIZED
                  00006940    00000022     DSP2833x_GlobalVariableDefs.obj (EPwm6RegsFile)

ECap1RegsFile 
*          1    00006a00    00000020     UNINITIALIZED
                  00006a00    00000020     DSP2833x_GlobalVariableDefs.obj (ECap1RegsFile)

ECap2RegsFile 
*          1    00006a20    00000020     UNINITIALIZED
                  00006a20    00000020     DSP2833x_GlobalVariableDefs.obj (ECap2RegsFile)

ECap3RegsFile 
*          1    00006a40    00000020     UNINITIALIZED
                  00006a40    00000020     DSP2833x_GlobalVariableDefs.obj (ECap3RegsFile)

ECap4RegsFile 
*          1    00006a60    00000020     UNINITIALIZED
                  00006a60    00000020     DSP2833x_GlobalVariableDefs.obj (ECap4RegsFile)

ECap5RegsFile 
*          1    00006a80    00000020     UNINITIALIZED
                  00006a80    00000020     DSP2833x_GlobalVariableDefs.obj (ECap5RegsFile)

ECap6RegsFile 
*          1    00006aa0    00000020     UNINITIALIZED
                  00006aa0    00000020     DSP2833x_GlobalVariableDefs.obj (ECap6RegsFile)

EQep1RegsFile 
*          1    00006b00    00000040     UNINITIALIZED
                  00006b00    00000040     DSP2833x_GlobalVariableDefs.obj (EQep1RegsFile)

EQep2RegsFile 
*          1    00006b40    00000040     UNINITIALIZED
                  00006b40    00000040     DSP2833x_GlobalVariableDefs.obj (EQep2RegsFile)

GpioCtrlRegsFile 
*          1    00006f80    0000002e     UNINITIALIZED
                  00006f80    0000002e     DSP2833x_GlobalVariableDefs.obj (GpioCtrlRegsFile)

GpioDataRegsFile 
*          1    00006fc0    00000020     UNINITIALIZED
                  00006fc0    00000020     DSP2833x_GlobalVariableDefs.obj (GpioDataRegsFile)

GpioIntRegsFile 
*          1    00006fe0    0000000a     UNINITIALIZED
                  00006fe0    0000000a     DSP2833x_GlobalVariableDefs.obj (GpioIntRegsFile)

SysCtrlRegsFile 
*          1    00007010    00000020     UNINITIALIZED
                  00007010    00000020     DSP2833x_GlobalVariableDefs.obj (SysCtrlRegsFile)

SpiaRegsFile 
*          1    00007040    00000010     UNINITIALIZED
                  00007040    00000010     DSP2833x_GlobalVariableDefs.obj (SpiaRegsFile)

SciaRegsFile 
*          1    00007050    00000010     UNINITIALIZED
                  00007050    00000010     DSP2833x_GlobalVariableDefs.obj (SciaRegsFile)

XIntruptRegsFile 
*          1    00007070    00000010     UNINITIALIZED
                  00007070    00000010     DSP2833x_GlobalVariableDefs.obj (XIntruptRegsFile)

AdcRegsFile 
*          1    00007100    0000001e     UNINITIALIZED
                  00007100    0000001e     DSP2833x_GlobalVariableDefs.obj (AdcRegsFile)

ScibRegsFile 
*          1    00007750    00000010     UNINITIALIZED
                  00007750    00000010     DSP2833x_GlobalVariableDefs.obj (ScibRegsFile)

ScicRegsFile 
*          1    00007770    00000010     UNINITIALIZED
                  00007770    00000010     DSP2833x_GlobalVariableDefs.obj (ScicRegsFile)

I2caRegsFile 
*          1    00007900    00000022     UNINITIALIZED
                  00007900    00000022     DSP2833x_GlobalVariableDefs.obj (I2caRegsFile)

CsmPwlFile 
*          1    0033fff8    00000008     UNINITIALIZED
                  0033fff8    00000008     DSP2833x_GlobalVariableDefs.obj (CsmPwlFile)

PartIdRegsFile 
*          1    00380090    00000001     UNINITIALIZED
                  00380090    00000001     DSP2833x_GlobalVariableDefs.obj (PartIdRegsFile)

.pinit     0    00008000    00000000     UNINITIALIZED

.stack     1    00000400    00000380     UNINITIALIZED
                  00000400    00000380     --HOLE--

.ebss      1    0000c320    000001fd     UNINITIALIZED
                  0000c320    00000010     HVPM_Sensorless.obj (.ebss:_ACQPS)
                  0000c330    00000010     HVPM_Sensorless.obj (.ebss:_ChSel)
                  0000c340    000001a4     HVPM_Sensorless.obj (.ebss)
                  0000c4e4    0000000e     HVPM_Sensorless.obj (.ebss:_eCAP)
                  0000c4f2    0000000e     HVPM_Sensorless.obj (.ebss:_ePWM)
                  0000c500    00000006     HVPM_Sensorless.obj (.ebss:_eQEP)
                  0000c506    00000006     rts2800_fpu32.lib : exit.c.obj (.ebss)
                  0000c50c    00000004     HVPM_Sensorless.obj (.ebss:_VTimer0)
                  0000c510    00000004     HVPM_Sensorless.obj (.ebss:_VTimer1)
                  0000c514    00000004     HVPM_Sensorless.obj (.ebss:_VTimer2)
                  0000c518    00000002     rts2800_fpu32.lib : _lock.c.obj (.ebss:__lock)
                  0000c51a    00000002                       : _lock.c.obj (.ebss:__unlock)
                  0000c51c    00000001                       : errno.c.obj (.ebss)

.econst    1    0000d000    0000001c     
                  0000d000    00000010     rts2800_fpu32.lib : e_expf.c.obj (.econst)
                  0000d010    00000004                       : e_expf.c.obj (.econst:_halF)
                  0000d014    00000004                       : e_expf.c.obj (.econst:_ln2HI)
                  0000d018    00000004                       : e_expf.c.obj (.econst:_ln2LO)

FPUmathTables 
*          0    003febdc    000006a0     NOLOAD SECTION
                  003febdc    000006a0     rts2800_fpu32_fast_supplement.lib : FPUmathTables.obj (FPUmathTables)

.reset     0    003fffc0    00000002     DSECT
                  003fffc0    00000002     rts2800_fpu32.lib : boot28.asm.obj (.reset)

csm_rsvd   0    0033ff80    00000000     DSECT

csmpasswds 
*          0    0033fff8    00000000     DSECT

.adc_cal   0    00380080    00000007     NOLOAD SECTION
                  00380080    00000007     DSP2833x_ADC_cal.obj (.adc_cal)

DLOG       1    0000c000    00000320     UNINITIALIZED
                  0000c000    00000320     DLOG4CHC.obj (DLOG)

MODULE SUMMARY

       Module                               code   initialized data   uninitialized data
       ------                               ----   ----------------   ------------------
    .\
       HVPM_Sensorless.obj                  2148   554                498               
       DSP2833x_GlobalVariableDefs.obj      0      0                  2679              
       DLOG4CHC.obj                         75     0                  800               
       HVPM_Sensorless-DevInit_F2833x.obj   453    0                  0                 
       DSP2833x_CodeStartBranch.obj         10     0                  0                 
       DSP2833x_ADC_cal.obj                 7      0                  0                 
       DSP2833x_usDelay.obj                 4      0                  0                 
    +--+------------------------------------+------+------------------+--------------------+
       Total:                               2697   554                3977              
                                                                                        
    C:/ti/ccs1200/ccs/tools/compiler/ti-cgt-c2000_22.6.0.LTS/lib/rts2800_fpu32.lib
       e_expf.c.obj                         273    28                 0                 
       boot28.asm.obj                       86     0                  0                 
       exit.c.obj                           41     14                 6                 
       cpy_tbl.c.obj                        36     0                  0                 
       memcpy.c.obj                         29     0                  0                 
       _lock.c.obj                          9      10                 4                 
       args_main.c.obj                      18     0                  0                 
       errno.c.obj                          0      4                  1                 
       pre_init.c.obj                       2      0                  0                 
       startup.c.obj                        1      0                  0                 
    +--+------------------------------------+------+------------------+--------------------+
       Total:                               495    56                 11                
                                                                                        
    C:/ti/controlSUITE/libs/math/FPUfastRTS/V100/lib/rts2800_fpu32_fast_supplement.lib
       FPUmathTables.obj                    0      1696               0                 
       cos_f32.obj                          52     0                  0                 
       sin_f32.obj                          52     0                  0                 
       div_f32.obj                          25     0                  0                 
    +--+------------------------------------+------+------------------+--------------------+
       Total:                               129    1696               0                 
                                                                                        
       Stack:                               0      0                  896               
    +--+------------------------------------+------+------------------+--------------------+
       Grand Total:                         3321   2306               4884              


GLOBAL DATA SYMBOLS: SORTED BY DATA PAGE

address     data page           name
--------    ----------------    ----
00000400      10 (00000400)     __stack

00000880      22 (00000880)     _DevEmuRegs

00000a80      2a (00000a80)     _FlashRegs

00000ae0      2b (00000ac0)     _CsmRegs

00000b00      2c (00000b00)     _AdcMirror
00000b20      2c (00000b00)     _XintfRegs

00000c00      30 (00000c00)     _CpuTimer0Regs
00000c08      30 (00000c00)     _CpuTimer1Regs
00000c10      30 (00000c00)     _CpuTimer2Regs

00000ce0      33 (00000cc0)     _PieCtrlRegs

00000d00      34 (00000d00)     _PieVectTable

00001000      40 (00001000)     _DmaRegs

00005000     140 (00005000)     _McbspaRegs

00005040     141 (00005040)     _McbspbRegs

00006000     180 (00006000)     _ECanaRegs

00006040     181 (00006040)     _ECanaLAMRegs

00006080     182 (00006080)     _ECanaMOTSRegs

000060c0     183 (000060c0)     _ECanaMOTORegs

00006100     184 (00006100)     _ECanaMboxes

00006200     188 (00006200)     _ECanbRegs

00006240     189 (00006240)     _ECanbLAMRegs

00006280     18a (00006280)     _ECanbMOTSRegs

000062c0     18b (000062c0)     _ECanbMOTORegs

00006300     18c (00006300)     _ECanbMboxes

00006800     1a0 (00006800)     _EPwm1Regs

00006840     1a1 (00006840)     _EPwm2Regs

00006880     1a2 (00006880)     _EPwm3Regs

000068c0     1a3 (000068c0)     _EPwm4Regs

00006900     1a4 (00006900)     _EPwm5Regs

00006940     1a5 (00006940)     _EPwm6Regs

00006a00     1a8 (00006a00)     _ECap1Regs
00006a20     1a8 (00006a00)     _ECap2Regs

00006a40     1a9 (00006a40)     _ECap3Regs
00006a60     1a9 (00006a40)     _ECap4Regs

00006a80     1aa (00006a80)     _ECap5Regs
00006aa0     1aa (00006a80)     _ECap6Regs

00006b00     1ac (00006b00)     _EQep1Regs

00006b40     1ad (00006b40)     _EQep2Regs

00006f80     1be (00006f80)     _GpioCtrlRegs

00006fc0     1bf (00006fc0)     _GpioDataRegs
00006fe0     1bf (00006fc0)     _GpioIntRegs

00007010     1c0 (00007000)     _SysCtrlRegs

00007040     1c1 (00007040)     _SpiaRegs
00007050     1c1 (00007040)     _SciaRegs
00007070     1c1 (00007040)     _XIntruptRegs

00007100     1c4 (00007100)     _AdcRegs

00007750     1dd (00007740)     _ScibRegs
00007770     1dd (00007740)     _ScicRegs

00007900     1e4 (00007900)     _I2caRegs

0000c320     30c (0000c300)     _ACQPS
0000c330     30c (0000c300)     _ChSel

0000c340     30d (0000c340)     _SerialCommsTimer
0000c341     30d (0000c340)     _OffsetFlag
0000c342     30d (0000c340)     _BackTicker
0000c343     30d (0000c340)     _lsw
0000c344     30d (0000c340)     _TripFlagDMC
0000c345     30d (0000c340)     _DlogCh1
0000c346     30d (0000c340)     _DlogCh2
0000c347     30d (0000c340)     _DlogCh3
0000c348     30d (0000c340)     _DlogCh4
0000c349     30d (0000c340)     _EnableFlag
0000c34a     30d (0000c340)     _LockRotorFlag
0000c34b     30d (0000c340)     _SpeedLoopPrescaler
0000c34c     30d (0000c340)     _SpeedLoopCount
0000c34e     30d (0000c340)     _Alpha_State_Ptr
0000c350     30d (0000c340)     _A_Task_Ptr
0000c352     30d (0000c340)     _B_Task_Ptr
0000c354     30d (0000c340)     _C_Task_Ptr
0000c356     30d (0000c340)     _offsetA
0000c358     30d (0000c340)     _offsetB
0000c35a     30d (0000c340)     _offsetC
0000c35c     30d (0000c340)     _K1
0000c35e     30d (0000c340)     _K2
0000c360     30d (0000c340)     _VdTesting
0000c362     30d (0000c340)     _VqTesting
0000c364     30d (0000c340)     _IdRef
0000c366     30d (0000c340)     _IqRef
0000c368     30d (0000c340)     _SpeedRef
0000c36a     30d (0000c340)     _T
0000c36c     30d (0000c340)     _IsrTicker
0000c36e     30d (0000c340)     _pwmdac1
0000c374     30d (0000c340)     _clarke1

0000c380     30e (0000c380)     _pwm1
0000c38a     30e (0000c380)     _rg1
0000c396     30e (0000c380)     _smo1_const
0000c3a4     30e (0000c380)     _park1
0000c3b2     30e (0000c380)     _ipark1

0000c3c0     30f (0000c3c0)     _rc1
0000c3d0     30f (0000c3c0)     _qep1
0000c3e2     30f (0000c3c0)     _svgen1

0000c400     310 (0000c400)     _speed3
0000c412     310 (0000c400)     _speed1
0000c426     310 (0000c400)     _volt1

0000c440     311 (0000c440)     _dlog
0000c456     311 (0000c440)     _pi_spd

0000c480     312 (0000c480)     _pi_id
0000c498     312 (0000c480)     _pi_iq

0000c4c0     313 (0000c4c0)     _smo1
0000c4e4     313 (0000c4c0)     _eCAP
0000c4f2     313 (0000c4c0)     _ePWM

0000c500     314 (0000c500)     _eQEP
0000c506     314 (0000c500)     ___TI_enable_exit_profile_output
0000c508     314 (0000c500)     ___TI_cleanup_ptr
0000c50a     314 (0000c500)     ___TI_dtors_ptr
0000c50c     314 (0000c500)     _VTimer0
0000c510     314 (0000c500)     _VTimer1
0000c514     314 (0000c500)     _VTimer2
0000c518     314 (0000c500)     __lock
0000c51a     314 (0000c500)     __unlock
0000c51c     314 (0000c500)     _errno

0033fff8    cfff (0033ffc0)     _CsmPwl

00380090    e002 (00380080)     _PartIdRegs

003febdc    ffaf (003febc0)     _FPUsinTable

003fecdc    ffb3 (003fecc0)     _FPUcosTable

003fefdc    ffbf (003fefc0)     _FPUsinTableEnd

003ff0de    ffc3 (003ff0c0)     _FPUatan2HalfPITable
003ff0de    ffc3 (003ff0c0)     _FPUcosTableEnd
003ff0e2    ffc3 (003ff0c0)     _FPUatan2Table

003ff268    ffc9 (003ff240)     _FPUatan2TableEnd


GLOBAL SYMBOLS: SORTED ALPHABETICALLY BY Name 

page  address   name                            
----  -------   ----                            
0     00009000  .text                           
0     00009c39  C$$EXIT                         
0     00009ca3  FS$$DIV                         
0     000093ae  _A0                             
0     000093f3  _A1                             
0     00009404  _A2                             
0     0000940a  _A3                             
1     0000c320  _ACQPS                          
0     00380080  _ADC_cal                        
1     0000c350  _A_Task_Ptr                     
1     00000b00  _AdcMirror                      
1     00007100  _AdcRegs                        
1     0000c34e  _Alpha_State_Ptr                
0     000093c7  _B0                             
0     00009410  _B1                             
0     00009416  _B2                             
0     0000941c  _B3                             
1     0000c352  _B_Task_Ptr                     
1     0000c342  _BackTicker                     
0     000093dd  _C0                             
0     00009422  _C1                             
0     00009437  _C2                             
0     0000943d  _C3                             
1     0000c354  _C_Task_Ptr                     
1     0000c330  _ChSel                          
1     00000c00  _CpuTimer0Regs                  
1     00000c08  _CpuTimer1Regs                  
1     00000c10  _CpuTimer2Regs                  
1     0033fff8  _CsmPwl                         
1     00000ae0  _CsmRegs                        
0     00009b86  _DLOG_4CH_init                  
0     00009b91  _DLOG_4CH_update                
0     00008248  _DSP28x_usDelay                 
1     00000880  _DevEmuRegs                     
0     00009864  _DeviceInit                     
1     0000c345  _DlogCh1                        
1     0000c346  _DlogCh2                        
1     0000c347  _DlogCh3                        
1     0000c348  _DlogCh4                        
1     00001000  _DmaRegs                        
1     00006040  _ECanaLAMRegs                   
1     000060c0  _ECanaMOTORegs                  
1     00006080  _ECanaMOTSRegs                  
1     00006100  _ECanaMboxes                    
1     00006000  _ECanaRegs                      
1     00006240  _ECanbLAMRegs                   
1     000062c0  _ECanbMOTORegs                  
1     00006280  _ECanbMOTSRegs                  
1     00006300  _ECanbMboxes                    
1     00006200  _ECanbRegs                      
1     00006a00  _ECap1Regs                      
1     00006a20  _ECap2Regs                      
1     00006a40  _ECap3Regs                      
1     00006a60  _ECap4Regs                      
1     00006a80  _ECap5Regs                      
1     00006aa0  _ECap6Regs                      
1     00006800  _EPwm1Regs                      
1     00006840  _EPwm2Regs                      
1     00006880  _EPwm3Regs                      
1     000068c0  _EPwm4Regs                      
1     00006900  _EPwm5Regs                      
1     00006940  _EPwm6Regs                      
1     00006b00  _EQep1Regs                      
1     00006b40  _EQep2Regs                      
1     0000c349  _EnableFlag                     
0     003ff0de  _FPUatan2HalfPITable            
0     003ff0e2  _FPUatan2Table                  
0     003ff268  _FPUatan2TableEnd               
0     003fecdc  _FPUcosTable                    
0     003ff0de  _FPUcosTableEnd                 
0     003febdc  _FPUsinTable                    
0     003fefdc  _FPUsinTableEnd                 
1     00000a80  _FlashRegs                      
1     00006f80  _GpioCtrlRegs                   
1     00006fc0  _GpioDataRegs                   
1     00006fe0  _GpioIntRegs                    
0     00009443  _HVDMC_Protection               
1     00007900  _I2caRegs                       
0     00009cce  _ISR_ILLEGAL                    
1     0000c364  _IdRef                          
1     0000c366  _IqRef                          
1     0000c36c  _IsrTicker                      
1     0000c35c  _K1                             
1     0000c35e  _K2                             
1     0000c34a  _LockRotorFlag                  
0     00009489  _MainISR                        
1     00005000  _McbspaRegs                     
1     00005040  _McbspbRegs                     
0     00009a0c  _MemCopy                        
1     0000c341  _OffsetFlag                     
0     000097d4  _OffsetISR                      
0     000099ab  _PLLset                         
1     00380090  _PartIdRegs                     
0     000099ce  _PieCntlInit                    
1     00000ce0  _PieCtrlRegs                    
1     00000d00  _PieVectTable                   
0     000099ed  _PieVectTableInit               
1     00007050  _SciaRegs                       
1     00007750  _ScibRegs                       
1     00007770  _ScicRegs                       
1     0000c340  _SerialCommsTimer               
1     0000c34c  _SpeedLoopCount                 
1     0000c34b  _SpeedLoopPrescaler             
1     0000c368  _SpeedRef                       
1     00007040  _SpiaRegs                       
1     00007010  _SysCtrlRegs                    
1     0000c36a  _T                              
1     0000c344  _TripFlagDMC                    
1     0000c50c  _VTimer0                        
1     0000c510  _VTimer1                        
1     0000c514  _VTimer2                        
1     0000c360  _VdTesting                      
1     0000c362  _VqTesting                      
0     000099a3  _WDogDisable                    
1     00007070  _XIntruptRegs                   
1     00000b20  _XintfRegs                      
1     00000780  __STACK_END                     
abs   00000380  __STACK_SIZE                    
1     0000c508  ___TI_cleanup_ptr               
1     0000c50a  ___TI_dtors_ptr                 
1     0000c506  ___TI_enable_exit_profile_output
abs   ffffffff  ___TI_pprof_out_hndl            
abs   ffffffff  ___TI_prof_data_size            
abs   ffffffff  ___TI_prof_data_start           
abs   ffffffff  ___binit__                      
abs   ffffffff  ___c_args__                     
0     00008000  ___cinit__                      
0     00009cec  ___etext__                      
abs   ffffffff  ___pinit__                      
0     00009000  ___text__                       
0     00009cbc  __args_main                     
1     0000c518  __lock                          
0     00009ce0  __nop                           
0     00009cdc  __register_lock                 
0     00009cd8  __register_unlock               
1     00000400  __stack                         
0     00009ceb  __system_post_cinit             
0     00009ce9  __system_pre_init               
1     0000c51a  __unlock                        
0     00009c39  _abort                          
0     00009b30  _c_int00                        
1     0000c374  _clarke1                        
0     00009c62  _copy_in                        
0     00009bd1  _cos                            
1     0000c440  _dlog                           
1     0000c4e4  _eCAP                           
1     0000c4f2  _ePWM                           
1     0000c500  _eQEP                           
1     0000c51c  _errno                          
0     00009c3b  _exit                           
0     00009a1f  _exp                            
0     00009a1f  _expf                           
1     0000c3b2  _ipark1                         
1     0000c343  _lsw                            
0     00009000  _main                           
0     00009c86  _memcpy                         
1     0000c356  _offsetA                        
1     0000c358  _offsetB                        
1     0000c35a  _offsetC                        
1     0000c3a4  _park1                          
1     0000c480  _pi_id                          
1     0000c498  _pi_iq                          
1     0000c456  _pi_spd                         
1     0000c380  _pwm1                           
1     0000c36e  _pwmdac1                        
1     0000c3d0  _qep1                           
1     0000c3c0  _rc1                            
1     0000c38a  _rg1                            
0     00009c05  _sin                            
1     0000c4c0  _smo1                           
1     0000c396  _smo1_const                     
1     0000c412  _speed1                         
1     0000c400  _speed3                         
1     0000c3e2  _svgen1                         
1     0000c426  _volt1                          
abs   ffffffff  binit                           
0     00008000  cinit                           
0     00000000  code_start                      
0     00009cec  etext                           
abs   ffffffff  pinit                           


GLOBAL SYMBOLS: SORTED BY Symbol Address 

page  address   name                            
----  -------   ----                            
0     00000000  code_start                      
0     00008000  ___cinit__                      
0     00008000  cinit                           
0     00008248  _DSP28x_usDelay                 
0     00009000  .text                           
0     00009000  ___text__                       
0     00009000  _main                           
0     000093ae  _A0                             
0     000093c7  _B0                             
0     000093dd  _C0                             
0     000093f3  _A1                             
0     00009404  _A2                             
0     0000940a  _A3                             
0     00009410  _B1                             
0     00009416  _B2                             
0     0000941c  _B3                             
0     00009422  _C1                             
0     00009437  _C2                             
0     0000943d  _C3                             
0     00009443  _HVDMC_Protection               
0     00009489  _MainISR                        
0     000097d4  _OffsetISR                      
0     00009864  _DeviceInit                     
0     000099a3  _WDogDisable                    
0     000099ab  _PLLset                         
0     000099ce  _PieCntlInit                    
0     000099ed  _PieVectTableInit               
0     00009a0c  _MemCopy                        
0     00009a1f  _exp                            
0     00009a1f  _expf                           
0     00009b30  _c_int00                        
0     00009b86  _DLOG_4CH_init                  
0     00009b91  _DLOG_4CH_update                
0     00009bd1  _cos                            
0     00009c05  _sin                            
0     00009c39  C$$EXIT                         
0     00009c39  _abort                          
0     00009c3b  _exit                           
0     00009c62  _copy_in                        
0     00009c86  _memcpy                         
0     00009ca3  FS$$DIV                         
0     00009cbc  __args_main                     
0     00009cce  _ISR_ILLEGAL                    
0     00009cd8  __register_unlock               
0     00009cdc  __register_lock                 
0     00009ce0  __nop                           
0     00009ce9  __system_pre_init               
0     00009ceb  __system_post_cinit             
0     00009cec  ___etext__                      
0     00009cec  etext                           
0     00380080  _ADC_cal                        
0     003febdc  _FPUsinTable                    
0     003fecdc  _FPUcosTable                    
0     003fefdc  _FPUsinTableEnd                 
0     003ff0de  _FPUatan2HalfPITable            
0     003ff0de  _FPUcosTableEnd                 
0     003ff0e2  _FPUatan2Table                  
0     003ff268  _FPUatan2TableEnd               
1     00000400  __stack                         
1     00000780  __STACK_END                     
1     00000880  _DevEmuRegs                     
1     00000a80  _FlashRegs                      
1     00000ae0  _CsmRegs                        
1     00000b00  _AdcMirror                      
1     00000b20  _XintfRegs                      
1     00000c00  _CpuTimer0Regs                  
1     00000c08  _CpuTimer1Regs                  
1     00000c10  _CpuTimer2Regs                  
1     00000ce0  _PieCtrlRegs                    
1     00000d00  _PieVectTable                   
1     00001000  _DmaRegs                        
1     00005000  _McbspaRegs                     
1     00005040  _McbspbRegs                     
1     00006000  _ECanaRegs                      
1     00006040  _ECanaLAMRegs                   
1     00006080  _ECanaMOTSRegs                  
1     000060c0  _ECanaMOTORegs                  
1     00006100  _ECanaMboxes                    
1     00006200  _ECanbRegs                      
1     00006240  _ECanbLAMRegs                   
1     00006280  _ECanbMOTSRegs                  
1     000062c0  _ECanbMOTORegs                  
1     00006300  _ECanbMboxes                    
1     00006800  _EPwm1Regs                      
1     00006840  _EPwm2Regs                      
1     00006880  _EPwm3Regs                      
1     000068c0  _EPwm4Regs                      
1     00006900  _EPwm5Regs                      
1     00006940  _EPwm6Regs                      
1     00006a00  _ECap1Regs                      
1     00006a20  _ECap2Regs                      
1     00006a40  _ECap3Regs                      
1     00006a60  _ECap4Regs                      
1     00006a80  _ECap5Regs                      
1     00006aa0  _ECap6Regs                      
1     00006b00  _EQep1Regs                      
1     00006b40  _EQep2Regs                      
1     00006f80  _GpioCtrlRegs                   
1     00006fc0  _GpioDataRegs                   
1     00006fe0  _GpioIntRegs                    
1     00007010  _SysCtrlRegs                    
1     00007040  _SpiaRegs                       
1     00007050  _SciaRegs                       
1     00007070  _XIntruptRegs                   
1     00007100  _AdcRegs                        
1     00007750  _ScibRegs                       
1     00007770  _ScicRegs                       
1     00007900  _I2caRegs                       
1     0000c320  _ACQPS                          
1     0000c330  _ChSel                          
1     0000c340  _SerialCommsTimer               
1     0000c341  _OffsetFlag                     
1     0000c342  _BackTicker                     
1     0000c343  _lsw                            
1     0000c344  _TripFlagDMC                    
1     0000c345  _DlogCh1                        
1     0000c346  _DlogCh2                        
1     0000c347  _DlogCh3                        
1     0000c348  _DlogCh4                        
1     0000c349  _EnableFlag                     
1     0000c34a  _LockRotorFlag                  
1     0000c34b  _SpeedLoopPrescaler             
1     0000c34c  _SpeedLoopCount                 
1     0000c34e  _Alpha_State_Ptr                
1     0000c350  _A_Task_Ptr                     
1     0000c352  _B_Task_Ptr                     
1     0000c354  _C_Task_Ptr                     
1     0000c356  _offsetA                        
1     0000c358  _offsetB                        
1     0000c35a  _offsetC                        
1     0000c35c  _K1                             
1     0000c35e  _K2                             
1     0000c360  _VdTesting                      
1     0000c362  _VqTesting                      
1     0000c364  _IdRef                          
1     0000c366  _IqRef                          
1     0000c368  _SpeedRef                       
1     0000c36a  _T                              
1     0000c36c  _IsrTicker                      
1     0000c36e  _pwmdac1                        
1     0000c374  _clarke1                        
1     0000c380  _pwm1                           
1     0000c38a  _rg1                            
1     0000c396  _smo1_const                     
1     0000c3a4  _park1                          
1     0000c3b2  _ipark1                         
1     0000c3c0  _rc1                            
1     0000c3d0  _qep1                           
1     0000c3e2  _svgen1                         
1     0000c400  _speed3                         
1     0000c412  _speed1                         
1     0000c426  _volt1                          
1     0000c440  _dlog                           
1     0000c456  _pi_spd                         
1     0000c480  _pi_id                          
1     0000c498  _pi_iq                          
1     0000c4c0  _smo1                           
1     0000c4e4  _eCAP                           
1     0000c4f2  _ePWM                           
1     0000c500  _eQEP                           
1     0000c506  ___TI_enable_exit_profile_output
1     0000c508  ___TI_cleanup_ptr               
1     0000c50a  ___TI_dtors_ptr                 
1     0000c50c  _VTimer0                        
1     0000c510  _VTimer1                        
1     0000c514  _VTimer2                        
1     0000c518  __lock                          
1     0000c51a  __unlock                        
1     0000c51c  _errno                          
1     0033fff8  _CsmPwl                         
1     00380090  _PartIdRegs                     
abs   00000380  __STACK_SIZE                    
abs   ffffffff  ___TI_pprof_out_hndl            
abs   ffffffff  ___TI_prof_data_size            
abs   ffffffff  ___TI_prof_data_start           
abs   ffffffff  ___binit__                      
abs   ffffffff  ___c_args__                     
abs   ffffffff  ___pinit__                      
abs   ffffffff  binit                           
abs   ffffffff  pinit                           

[180 symbols]
